INFINIPATH_1.10 {
	global:
		cycles_to_nanosecs;
		nanosecs_to_cycles;
		get_nanoseconds;
		ipath_userinit;
		ipath_get_port_lid;
		ipath_get_port_lmc;
		ipath_get_port_rate;
		ipath_get_port_sl2vl;
		ipath_get_num_units;
		ipath_update_tid_err;
		ipath_free_tid_err;
		ipath_set_pkey;
		ipath_flush_egr_bufs;
		ipath_wait_for_packet;
		ipath_manage_rcvq;
		ipath_manage_bp;
		ipath_armlaunch_ctrl;
		ipath_force_pio_avail_update;
		ipath_disarm_bufs;
		ipath_event_ack;
		ipath_sdma_inflight;
		ipath_sdma_complete;
		ipath_poll_type;
		ipath_free_tid;
		ipath_check_unit_status;
		infinipath_get_next_name;
		infinipath_get_single_stat;
		infinipath_get_stats;
		infinipath_get_stats_names;
		infinipath_get_stats_names_count;
		infinipath_get_ctrs_unit;
		infinipath_get_ctrs_unit_names;
		infinipath_get_ctrs_unit_names_count;
		infinipath_get_ctrs_port;
		infinipath_get_ctrs_port_names;
		infinipath_get_ctrs_port_names_count;
		infinipath_get_single_unitctr;
		infinipath_get_single_portctr;
		infinipath_release_names;
		ipath_syslog;
		ipath_vsyslog;
		ipath_write_pio;
		ipath_write_pio_force_order;
		ipath_write_pio_special_trigger2k;
		ipath_write_pio_special_trigger4k;
		ipath_dwordcpy;
		__ipath_rcvhdrhead;
		__ipath_rcvegrhead;
		__ipath_rcvtail;
		__ipath_rcvtidflow;
		__ipath_tidflow_wmb;
		ipath_diag_open;
		ipath_diag_close;
		ipathd_read32;
		ipathd_write32;
		ipathd_readmult;
		ipathd_write;
		ipathd_send_pkt;
		ipathd_read_i2c;
		ipath_flash_csum;
		ipathd_reset_hardware;
		ipath_hideous_ioctl_emulator;
		ipath_sysfs_read_s64;
		ipath_sysfs_port_read;
		ipath_sysfs_unit_open;
		ipath_sysfs_port_printf;
		ipath_sysfs_unit_printf;
		ipath_ipathfs_unit_write;
		ipath_ipathfs_read;
		ipath_ipathfs_unit_read;
		ipath_sysfs_unit_read_s64;
		ipath_sysfs_port_read_s64;
		ipath_ipathfs_rd;
		ipath_ipathfs_unit_rd;
		ipath_ipathfs_open;
		ipath_wait_for_device;
	local: *;
};
